Warning: Custom Cache-Control headers detected for the following routes:
  - /_next/static/(.*)

Setting a custom Cache-Control header can break Next.js development behavior.
⨯ Another next build process is already running.

  This could be:
  - A next build still in progress
  - A previous build that didn't exit cleanly

  Suggestion: Wait for the build to complete.
